SQL> select sysdate date from dual;
select sysdate date from dual
               *
ERROR at line 1:
ORA-00923: FROM keyword not found where expected 


SQL> sysdate from dual;
SP2-0734: unknown command beginning "sysdate fr..." - rest of line ignored.
SQL> select sysdate as date from dual;
select sysdate as date from dual
                  *
ERROR at line 1:
ORA-00923: FROM keyword not found where expected 


SQL> select sysdate from dual;

SYSDATE                                                                                                                                                                                                 
---------                                                                                                                                                                                               
29-AUG-19                                                                                                                                                                                               

SQL> select sysdate as "date" from dual;

date                                                                                                                                                                                                    
---------                                                                                                                                                                                               
29-AUG-19                                                                                                                                                                                               

SQL> select employee_id,last_name,salary,0.155*salary as "new salary" from employees;
select employee_id,last_name,salary,0.155*salary as "new salary" from employees
                                                                      *
ERROR at line 1:
ORA-00942: table or view does not exist 


SQL> connect hr/hr
Connected.
SQL> select employee_id,last_name,salary,0.155*salary as "new salary" from employees;

EMPLOYEE_ID LAST_NAME                     SALARY new salary                                                                                                                                             
----------- ------------------------- ---------- ----------                                                                                                                                             
        198 OConnell                        2600        403                                                                                                                                             
        199 Grant                           2600        403                                                                                                                                             
        200 Whalen                          4400        682                                                                                                                                             
        201 Hartstein                      13000       2015                                                                                                                                             
        202 Fay                             6000        930                                                                                                                                             
        203 Mavris                          6500     1007.5                                                                                                                                             
        204 Baer                           10000       1550                                                                                                                                             
        205 Higgins                        12008    1861.24                                                                                                                                             
        206 Gietz                           8300     1286.5                                                                                                                                             
        100 King                           26460     4101.3                                                                                                                                             
        101 Kochhar                        17000       2635                                                                                                                                             
        102 De Haan                        17000       2635                                                                                                                                             
        103 Hunold                          9000       1395                                                                                                                                             
        104 Ernst                           6000        930                                                                                                                                             
        105 Austin                          4800        744                                                                                                                                             
        106 Pataballa                       4800        744                                                                                                                                             
        107 Lorentz                         4200        651                                                                                                                                             
        108 Greenberg                      12008    1861.24                                                                                                                                             
        109 Faviet                          9000       1395                                                                                                                                             
        110 Chen                            8200       1271                                                                                                                                             
        111 Sciarra                         7700     1193.5                                                                                                                                             
        112 Urman                           7800       1209                                                                                                                                             
        113 Popp                            6900     1069.5                                                                                                                                             
        114 Raphaely                       11000       1705                                                                                                                                             
        115 Khoo                            3100      480.5                                                                                                                                             
        116 Baida                           2900      449.5                                                                                                                                             
        117 Tobias                          2800        434                                                                                                                                             
        118 Himuro                          2600        403                                                                                                                                             
        119 Colmenares                      2500      387.5                                                                                                                                             
        120 Weiss                           8000       1240                                                                                                                                             
        121 Fripp                           8200       1271                                                                                                                                             
        122 Kaufling                        7900     1224.5                                                                                                                                             
        123 Vollman                         6500     1007.5                                                                                                                                             
        124 Mourgos                         5800        899                                                                                                                                             
        125 Nayer                           3200        496                                                                                                                                             
        126 Mikkilineni                     2700      418.5                                                                                                                                             
        127 Landry                          2400        372                                                                                                                                             
        128 Markle                          2200        341                                                                                                                                             
        129 Bissot                          3300      511.5                                                                                                                                             
        130 Atkinson                        2800        434                                                                                                                                             
        131 Marlow                          2500      387.5                                                                                                                                             
        132 Olson                           2100      325.5                                                                                                                                             
        133 Mallin                          3300      511.5                                                                                                                                             
        134 Rogers                          2900      449.5                                                                                                                                             
        135 Gee                             2400        372                                                                                                                                             
        136 Philtanker                      2200        341                                                                                                                                             
        137 Ladwig                          3600        558                                                                                                                                             
        138 Stiles                          3200        496                                                                                                                                             
        139 Seo                             2700      418.5                                                                                                                                             
        140 Patel                           2500      387.5                                                                                                                                             
        141 Rajs                            3500      542.5                                                                                                                                             
        142 Davies                          3100      480.5                                                                                                                                             
        143 Matos                           2600        403                                                                                                                                             
        144 Vargas                          2500      387.5                                                                                                                                             
        145 Russell                        14000       2170                                                                                                                                             
        146 Partners                       13500     2092.5                                                                                                                                             
        147 Errazuriz                      12000       1860                                                                                                                                             
        148 Cambrault                      11000       1705                                                                                                                                             
        149 Zlotkey                        10500     1627.5                                                                                                                                             
        150 Tucker                         10000       1550                                                                                                                                             
        151 Bernstein                       9500     1472.5                                                                                                                                             
        152 Hall                            9000       1395                                                                                                                                             
        153 Olsen                           8000       1240                                                                                                                                             
        154 Cambrault                       7500     1162.5                                                                                                                                             
        155 Tuvault                         7000       1085                                                                                                                                             
        156 King                           10000       1550                                                                                                                                             
        157 Sully                           9500     1472.5                                                                                                                                             
        158 McEwen                          9000       1395                                                                                                                                             
        159 Smith                           8000       1240                                                                                                                                             
        160 Doran                           7500     1162.5                                                                                                                                             
        161 Sewall                          7000       1085                                                                                                                                             
        162 Vishney                        10500     1627.5                                                                                                                                             
        163 Greene                          9500     1472.5                                                                                                                                             
        164 Marvins                         7200       1116                                                                                                                                             
        165 Lee                             6800       1054                                                                                                                                             
        166 Ande                            6400        992                                                                                                                                             
        167 Banda                           6200        961                                                                                                                                             
        168 Ozer                           11500     1782.5                                                                                                                                             
        169 Bloom                          10000       1550                                                                                                                                             
        170 Fox                             9600       1488                                                                                                                                             
        171 Smith                           7400       1147                                                                                                                                             
        172 Bates                           7300     1131.5                                                                                                                                             
        173 Kumar                           6100      945.5                                                                                                                                             
        174 Abel                           11000       1705                                                                                                                                             
        175 Hutton                          8800       1364                                                                                                                                             
        176 Taylor                          8600       1333                                                                                                                                             
        177 Livingston                      8400       1302                                                                                                                                             
        178 Grant                           7000       1085                                                                                                                                             
        179 Johnson                         6200        961                                                                                                                                             
        180 Taylor                          3200        496                                                                                                                                             
        181 Fleaur                          3100      480.5                                                                                                                                             
        182 Sullivan                        2500      387.5                                                                                                                                             
        183 Geoni                           2800        434                                                                                                                                             
        184 Sarchand                        4200        651                                                                                                                                             
        185 Bull                            4100      635.5                                                                                                                                             
        186 Dellinger                       3400        527                                                                                                                                             
        187 Cabrio                          3000        465                                                                                                                                             

EMPLOYEE_ID LAST_NAME                     SALARY new salary                                                                                                                                             
----------- ------------------------- ---------- ----------                                                                                                                                             
        188 Chung                           3800        589                                                                                                                                             
        189 Dilly                           3600        558                                                                                                                                             
        190 Gates                           2900      449.5                                                                                                                                             
        191 Perkins                         2500      387.5                                                                                                                                             
        192 Bell                            4000        620                                                                                                                                             
        193 Everett                         3900      604.5                                                                                                                                             
        194 McCain                          3200        496                                                                                                                                             
        195 Jones                           2800        434                                                                                                                                             
        196 Walsh                           3100      480.5                                                                                                                                             
        197 Feeney                          3000        465                                                                                                                                             

107 rows selected.

SQL> select employee_id,last_name,salary,1.155*salary as "new salary" from employees;

EMPLOYEE_ID LAST_NAME                     SALARY new salary                                                                                                                                             
----------- ------------------------- ---------- ----------                                                                                                                                             
        198 OConnell                        2600       3003                                                                                                                                             
        199 Grant                           2600       3003                                                                                                                                             
        200 Whalen                          4400       5082                                                                                                                                             
        201 Hartstein                      13000      15015                                                                                                                                             
        202 Fay                             6000       6930                                                                                                                                             
        203 Mavris                          6500     7507.5                                                                                                                                             
        204 Baer                           10000      11550                                                                                                                                             
        205 Higgins                        12008   13869.24                                                                                                                                             
        206 Gietz                           8300     9586.5                                                                                                                                             
        100 King                           26460    30561.3                                                                                                                                             
        101 Kochhar                        17000      19635                                                                                                                                             
        102 De Haan                        17000      19635                                                                                                                                             
        103 Hunold                          9000      10395                                                                                                                                             
        104 Ernst                           6000       6930                                                                                                                                             
        105 Austin                          4800       5544                                                                                                                                             
        106 Pataballa                       4800       5544                                                                                                                                             
        107 Lorentz                         4200       4851                                                                                                                                             
        108 Greenberg                      12008   13869.24                                                                                                                                             
        109 Faviet                          9000      10395                                                                                                                                             
        110 Chen                            8200       9471                                                                                                                                             
        111 Sciarra                         7700     8893.5                                                                                                                                             
        112 Urman                           7800       9009                                                                                                                                             
        113 Popp                            6900     7969.5                                                                                                                                             
        114 Raphaely                       11000      12705                                                                                                                                             
        115 Khoo                            3100     3580.5                                                                                                                                             
        116 Baida                           2900     3349.5                                                                                                                                             
        117 Tobias                          2800       3234                                                                                                                                             
        118 Himuro                          2600       3003                                                                                                                                             
        119 Colmenares                      2500     2887.5                                                                                                                                             
        120 Weiss                           8000       9240                                                                                                                                             
        121 Fripp                           8200       9471                                                                                                                                             
        122 Kaufling                        7900     9124.5                                                                                                                                             
        123 Vollman                         6500     7507.5                                                                                                                                             
        124 Mourgos                         5800       6699                                                                                                                                             
        125 Nayer                           3200       3696                                                                                                                                             
        126 Mikkilineni                     2700     3118.5                                                                                                                                             
        127 Landry                          2400       2772                                                                                                                                             
        128 Markle                          2200       2541                                                                                                                                             
        129 Bissot                          3300     3811.5                                                                                                                                             
        130 Atkinson                        2800       3234                                                                                                                                             
        131 Marlow                          2500     2887.5                                                                                                                                             
        132 Olson                           2100     2425.5                                                                                                                                             
        133 Mallin                          3300     3811.5                                                                                                                                             
        134 Rogers                          2900     3349.5                                                                                                                                             
        135 Gee                             2400       2772                                                                                                                                             
        136 Philtanker                      2200       2541                                                                                                                                             
        137 Ladwig                          3600       4158                                                                                                                                             
        138 Stiles                          3200       3696                                                                                                                                             
        139 Seo                             2700     3118.5                                                                                                                                             
        140 Patel                           2500     2887.5                                                                                                                                             
        141 Rajs                            3500     4042.5                                                                                                                                             
        142 Davies                          3100     3580.5                                                                                                                                             
        143 Matos                           2600       3003                                                                                                                                             
        144 Vargas                          2500     2887.5                                                                                                                                             
        145 Russell                        14000      16170                                                                                                                                             
        146 Partners                       13500    15592.5                                                                                                                                             
        147 Errazuriz                      12000      13860                                                                                                                                             
        148 Cambrault                      11000      12705                                                                                                                                             
        149 Zlotkey                        10500    12127.5                                                                                                                                             
        150 Tucker                         10000      11550                                                                                                                                             
        151 Bernstein                       9500    10972.5                                                                                                                                             
        152 Hall                            9000      10395                                                                                                                                             
        153 Olsen                           8000       9240                                                                                                                                             
        154 Cambrault                       7500     8662.5                                                                                                                                             
        155 Tuvault                         7000       8085                                                                                                                                             
        156 King                           10000      11550                                                                                                                                             
        157 Sully                           9500    10972.5                                                                                                                                             
        158 McEwen                          9000      10395                                                                                                                                             
        159 Smith                           8000       9240                                                                                                                                             
        160 Doran                           7500     8662.5                                                                                                                                             
        161 Sewall                          7000       8085                                                                                                                                             
        162 Vishney                        10500    12127.5                                                                                                                                             
        163 Greene                          9500    10972.5                                                                                                                                             
        164 Marvins                         7200       8316                                                                                                                                             
        165 Lee                             6800       7854                                                                                                                                             
        166 Ande                            6400       7392                                                                                                                                             
        167 Banda                           6200       7161                                                                                                                                             
        168 Ozer                           11500    13282.5                                                                                                                                             
        169 Bloom                          10000      11550                                                                                                                                             
        170 Fox                             9600      11088                                                                                                                                             
        171 Smith                           7400       8547                                                                                                                                             
        172 Bates                           7300     8431.5                                                                                                                                             
        173 Kumar                           6100     7045.5                                                                                                                                             
        174 Abel                           11000      12705                                                                                                                                             
        175 Hutton                          8800      10164                                                                                                                                             
        176 Taylor                          8600       9933                                                                                                                                             
        177 Livingston                      8400       9702                                                                                                                                             
        178 Grant                           7000       8085                                                                                                                                             
        179 Johnson                         6200       7161                                                                                                                                             
        180 Taylor                          3200       3696                                                                                                                                             
        181 Fleaur                          3100     3580.5                                                                                                                                             
        182 Sullivan                        2500     2887.5                                                                                                                                             
        183 Geoni                           2800       3234                                                                                                                                             
        184 Sarchand                        4200       4851                                                                                                                                             
        185 Bull                            4100     4735.5                                                                                                                                             
        186 Dellinger                       3400       3927                                                                                                                                             
        187 Cabrio                          3000       3465                                                                                                                                             

EMPLOYEE_ID LAST_NAME                     SALARY new salary                                                                                                                                             
----------- ------------------------- ---------- ----------                                                                                                                                             
        188 Chung                           3800       4389                                                                                                                                             
        189 Dilly                           3600       4158                                                                                                                                             
        190 Gates                           2900     3349.5                                                                                                                                             
        191 Perkins                         2500     2887.5                                                                                                                                             
        192 Bell                            4000       4620                                                                                                                                             
        193 Everett                         3900     4504.5                                                                                                                                             
        194 McCain                          3200       3696                                                                                                                                             
        195 Jones                           2800       3234                                                                                                                                             
        196 Walsh                           3100     3580.5                                                                                                                                             
        197 Feeney                          3000       3465                                                                                                                                             

107 rows selected.

SQL> select employee_id,last_name,salary,1.155*salary as "new salary",1.155*salary - salary as "increase" from employees;

EMPLOYEE_ID LAST_NAME                     SALARY new salary   increase                                                                                                                                  
----------- ------------------------- ---------- ---------- ----------                                                                                                                                  
        198 OConnell                        2600       3003        403                                                                                                                                  
        199 Grant                           2600       3003        403                                                                                                                                  
        200 Whalen                          4400       5082        682                                                                                                                                  
        201 Hartstein                      13000      15015       2015                                                                                                                                  
        202 Fay                             6000       6930        930                                                                                                                                  
        203 Mavris                          6500     7507.5     1007.5                                                                                                                                  
        204 Baer                           10000      11550       1550                                                                                                                                  
        205 Higgins                        12008   13869.24    1861.24                                                                                                                                  
        206 Gietz                           8300     9586.5     1286.5                                                                                                                                  
        100 King                           26460    30561.3     4101.3                                                                                                                                  
        101 Kochhar                        17000      19635       2635                                                                                                                                  
        102 De Haan                        17000      19635       2635                                                                                                                                  
        103 Hunold                          9000      10395       1395                                                                                                                                  
        104 Ernst                           6000       6930        930                                                                                                                                  
        105 Austin                          4800       5544        744                                                                                                                                  
        106 Pataballa                       4800       5544        744                                                                                                                                  
        107 Lorentz                         4200       4851        651                                                                                                                                  
        108 Greenberg                      12008   13869.24    1861.24                                                                                                                                  
        109 Faviet                          9000      10395       1395                                                                                                                                  
        110 Chen                            8200       9471       1271                                                                                                                                  
        111 Sciarra                         7700     8893.5     1193.5                                                                                                                                  
        112 Urman                           7800       9009       1209                                                                                                                                  
        113 Popp                            6900     7969.5     1069.5                                                                                                                                  
        114 Raphaely                       11000      12705       1705                                                                                                                                  
        115 Khoo                            3100     3580.5      480.5                                                                                                                                  
        116 Baida                           2900     3349.5      449.5                                                                                                                                  
        117 Tobias                          2800       3234        434                                                                                                                                  
        118 Himuro                          2600       3003        403                                                                                                                                  
        119 Colmenares                      2500     2887.5      387.5                                                                                                                                  
        120 Weiss                           8000       9240       1240                                                                                                                                  
        121 Fripp                           8200       9471       1271                                                                                                                                  
        122 Kaufling                        7900     9124.5     1224.5                                                                                                                                  
        123 Vollman                         6500     7507.5     1007.5                                                                                                                                  
        124 Mourgos                         5800       6699        899                                                                                                                                  
        125 Nayer                           3200       3696        496                                                                                                                                  
        126 Mikkilineni                     2700     3118.5      418.5                                                                                                                                  
        127 Landry                          2400       2772        372                                                                                                                                  
        128 Markle                          2200       2541        341                                                                                                                                  
        129 Bissot                          3300     3811.5      511.5                                                                                                                                  
        130 Atkinson                        2800       3234        434                                                                                                                                  
        131 Marlow                          2500     2887.5      387.5                                                                                                                                  
        132 Olson                           2100     2425.5      325.5                                                                                                                                  
        133 Mallin                          3300     3811.5      511.5                                                                                                                                  
        134 Rogers                          2900     3349.5      449.5                                                                                                                                  
        135 Gee                             2400       2772        372                                                                                                                                  
        136 Philtanker                      2200       2541        341                                                                                                                                  
        137 Ladwig                          3600       4158        558                                                                                                                                  
        138 Stiles                          3200       3696        496                                                                                                                                  
        139 Seo                             2700     3118.5      418.5                                                                                                                                  
        140 Patel                           2500     2887.5      387.5                                                                                                                                  
        141 Rajs                            3500     4042.5      542.5                                                                                                                                  
        142 Davies                          3100     3580.5      480.5                                                                                                                                  
        143 Matos                           2600       3003        403                                                                                                                                  
        144 Vargas                          2500     2887.5      387.5                                                                                                                                  
        145 Russell                        14000      16170       2170                                                                                                                                  
        146 Partners                       13500    15592.5     2092.5                                                                                                                                  
        147 Errazuriz                      12000      13860       1860                                                                                                                                  
        148 Cambrault                      11000      12705       1705                                                                                                                                  
        149 Zlotkey                        10500    12127.5     1627.5                                                                                                                                  
        150 Tucker                         10000      11550       1550                                                                                                                                  
        151 Bernstein                       9500    10972.5     1472.5                                                                                                                                  
        152 Hall                            9000      10395       1395                                                                                                                                  
        153 Olsen                           8000       9240       1240                                                                                                                                  
        154 Cambrault                       7500     8662.5     1162.5                                                                                                                                  
        155 Tuvault                         7000       8085       1085                                                                                                                                  
        156 King                           10000      11550       1550                                                                                                                                  
        157 Sully                           9500    10972.5     1472.5                                                                                                                                  
        158 McEwen                          9000      10395       1395                                                                                                                                  
        159 Smith                           8000       9240       1240                                                                                                                                  
        160 Doran                           7500     8662.5     1162.5                                                                                                                                  
        161 Sewall                          7000       8085       1085                                                                                                                                  
        162 Vishney                        10500    12127.5     1627.5                                                                                                                                  
        163 Greene                          9500    10972.5     1472.5                                                                                                                                  
        164 Marvins                         7200       8316       1116                                                                                                                                  
        165 Lee                             6800       7854       1054                                                                                                                                  
        166 Ande                            6400       7392        992                                                                                                                                  
        167 Banda                           6200       7161        961                                                                                                                                  
        168 Ozer                           11500    13282.5     1782.5                                                                                                                                  
        169 Bloom                          10000      11550       1550                                                                                                                                  
        170 Fox                             9600      11088       1488                                                                                                                                  
        171 Smith                           7400       8547       1147                                                                                                                                  
        172 Bates                           7300     8431.5     1131.5                                                                                                                                  
        173 Kumar                           6100     7045.5      945.5                                                                                                                                  
        174 Abel                           11000      12705       1705                                                                                                                                  
        175 Hutton                          8800      10164       1364                                                                                                                                  
        176 Taylor                          8600       9933       1333                                                                                                                                  
        177 Livingston                      8400       9702       1302                                                                                                                                  
        178 Grant                           7000       8085       1085                                                                                                                                  
        179 Johnson                         6200       7161        961                                                                                                                                  
        180 Taylor                          3200       3696        496                                                                                                                                  
        181 Fleaur                          3100     3580.5      480.5                                                                                                                                  
        182 Sullivan                        2500     2887.5      387.5                                                                                                                                  
        183 Geoni                           2800       3234        434                                                                                                                                  
        184 Sarchand                        4200       4851        651                                                                                                                                  
        185 Bull                            4100     4735.5      635.5                                                                                                                                  
        186 Dellinger                       3400       3927        527                                                                                                                                  
        187 Cabrio                          3000       3465        465                                                                                                                                  

EMPLOYEE_ID LAST_NAME                     SALARY new salary   increase                                                                                                                                  
----------- ------------------------- ---------- ---------- ----------                                                                                                                                  
        188 Chung                           3800       4389        589                                                                                                                                  
        189 Dilly                           3600       4158        558                                                                                                                                  
        190 Gates                           2900     3349.5      449.5                                                                                                                                  
        191 Perkins                         2500     2887.5      387.5                                                                                                                                  
        192 Bell                            4000       4620        620                                                                                                                                  
        193 Everett                         3900     4504.5      604.5                                                                                                                                  
        194 McCain                          3200       3696        496                                                                                                                                  
        195 Jones                           2800       3234        434                                                                                                                                  
        196 Walsh                           3100     3580.5      480.5                                                                                                                                  
        197 Feeney                          3000       3465        465                                                                                                                                  

107 rows selected.

SQL> select employee_id,last_name,salary,round(1.155*salary,0) as "new salary" from employees;

EMPLOYEE_ID LAST_NAME                     SALARY new salary                                                                                                                                             
----------- ------------------------- ---------- ----------                                                                                                                                             
        198 OConnell                        2600       3003                                                                                                                                             
        199 Grant                           2600       3003                                                                                                                                             
        200 Whalen                          4400       5082                                                                                                                                             
        201 Hartstein                      13000      15015                                                                                                                                             
        202 Fay                             6000       6930                                                                                                                                             
        203 Mavris                          6500       7508                                                                                                                                             
        204 Baer                           10000      11550                                                                                                                                             
        205 Higgins                        12008      13869                                                                                                                                             
        206 Gietz                           8300       9587                                                                                                                                             
        100 King                           26460      30561                                                                                                                                             
        101 Kochhar                        17000      19635                                                                                                                                             
        102 De Haan                        17000      19635                                                                                                                                             
        103 Hunold                          9000      10395                                                                                                                                             
        104 Ernst                           6000       6930                                                                                                                                             
        105 Austin                          4800       5544                                                                                                                                             
        106 Pataballa                       4800       5544                                                                                                                                             
        107 Lorentz                         4200       4851                                                                                                                                             
        108 Greenberg                      12008      13869                                                                                                                                             
        109 Faviet                          9000      10395                                                                                                                                             
        110 Chen                            8200       9471                                                                                                                                             
        111 Sciarra                         7700       8894                                                                                                                                             
        112 Urman                           7800       9009                                                                                                                                             
        113 Popp                            6900       7970                                                                                                                                             
        114 Raphaely                       11000      12705                                                                                                                                             
        115 Khoo                            3100       3581                                                                                                                                             
        116 Baida                           2900       3350                                                                                                                                             
        117 Tobias                          2800       3234                                                                                                                                             
        118 Himuro                          2600       3003                                                                                                                                             
        119 Colmenares                      2500       2888                                                                                                                                             
        120 Weiss                           8000       9240                                                                                                                                             
        121 Fripp                           8200       9471                                                                                                                                             
        122 Kaufling                        7900       9125                                                                                                                                             
        123 Vollman                         6500       7508                                                                                                                                             
        124 Mourgos                         5800       6699                                                                                                                                             
        125 Nayer                           3200       3696                                                                                                                                             
        126 Mikkilineni                     2700       3119                                                                                                                                             
        127 Landry                          2400       2772                                                                                                                                             
        128 Markle                          2200       2541                                                                                                                                             
        129 Bissot                          3300       3812                                                                                                                                             
        130 Atkinson                        2800       3234                                                                                                                                             
        131 Marlow                          2500       2888                                                                                                                                             
        132 Olson                           2100       2426                                                                                                                                             
        133 Mallin                          3300       3812                                                                                                                                             
        134 Rogers                          2900       3350                                                                                                                                             
        135 Gee                             2400       2772                                                                                                                                             
        136 Philtanker                      2200       2541                                                                                                                                             
        137 Ladwig                          3600       4158                                                                                                                                             
        138 Stiles                          3200       3696                                                                                                                                             
        139 Seo                             2700       3119                                                                                                                                             
        140 Patel                           2500       2888                                                                                                                                             
        141 Rajs                            3500       4043                                                                                                                                             
        142 Davies                          3100       3581                                                                                                                                             
        143 Matos                           2600       3003                                                                                                                                             
        144 Vargas                          2500       2888                                                                                                                                             
        145 Russell                        14000      16170                                                                                                                                             
        146 Partners                       13500      15593                                                                                                                                             
        147 Errazuriz                      12000      13860                                                                                                                                             
        148 Cambrault                      11000      12705                                                                                                                                             
        149 Zlotkey                        10500      12128                                                                                                                                             
        150 Tucker                         10000      11550                                                                                                                                             
        151 Bernstein                       9500      10973                                                                                                                                             
        152 Hall                            9000      10395                                                                                                                                             
        153 Olsen                           8000       9240                                                                                                                                             
        154 Cambrault                       7500       8663                                                                                                                                             
        155 Tuvault                         7000       8085                                                                                                                                             
        156 King                           10000      11550                                                                                                                                             
        157 Sully                           9500      10973                                                                                                                                             
        158 McEwen                          9000      10395                                                                                                                                             
        159 Smith                           8000       9240                                                                                                                                             
        160 Doran                           7500       8663                                                                                                                                             
        161 Sewall                          7000       8085                                                                                                                                             
        162 Vishney                        10500      12128                                                                                                                                             
        163 Greene                          9500      10973                                                                                                                                             
        164 Marvins                         7200       8316                                                                                                                                             
        165 Lee                             6800       7854                                                                                                                                             
        166 Ande                            6400       7392                                                                                                                                             
        167 Banda                           6200       7161                                                                                                                                             
        168 Ozer                           11500      13283                                                                                                                                             
        169 Bloom                          10000      11550                                                                                                                                             
        170 Fox                             9600      11088                                                                                                                                             
        171 Smith                           7400       8547                                                                                                                                             
        172 Bates                           7300       8432                                                                                                                                             
        173 Kumar                           6100       7046                                                                                                                                             
        174 Abel                           11000      12705                                                                                                                                             
        175 Hutton                          8800      10164                                                                                                                                             
        176 Taylor                          8600       9933                                                                                                                                             
        177 Livingston                      8400       9702                                                                                                                                             
        178 Grant                           7000       8085                                                                                                                                             
        179 Johnson                         6200       7161                                                                                                                                             
        180 Taylor                          3200       3696                                                                                                                                             
        181 Fleaur                          3100       3581                                                                                                                                             
        182 Sullivan                        2500       2888                                                                                                                                             
        183 Geoni                           2800       3234                                                                                                                                             
        184 Sarchand                        4200       4851                                                                                                                                             
        185 Bull                            4100       4736                                                                                                                                             
        186 Dellinger                       3400       3927                                                                                                                                             
        187 Cabrio                          3000       3465                                                                                                                                             

EMPLOYEE_ID LAST_NAME                     SALARY new salary                                                                                                                                             
----------- ------------------------- ---------- ----------                                                                                                                                             
        188 Chung                           3800       4389                                                                                                                                             
        189 Dilly                           3600       4158                                                                                                                                             
        190 Gates                           2900       3350                                                                                                                                             
        191 Perkins                         2500       2888                                                                                                                                             
        192 Bell                            4000       4620                                                                                                                                             
        193 Everett                         3900       4505                                                                                                                                             
        194 McCain                          3200       3696                                                                                                                                             
        195 Jones                           2800       3234                                                                                                                                             
        196 Walsh                           3100       3581                                                                                                                                             
        197 Feeney                          3000       3465                                                                                                                                             

107 rows selected.

SQL> select employee_id,last_name,salary,1.155*salary as "new salary",round(1.155*salary - salary,0) as "increase" from employees;

EMPLOYEE_ID LAST_NAME                     SALARY new salary   increase                                                                                                                                  
----------- ------------------------- ---------- ---------- ----------                                                                                                                                  
        198 OConnell                        2600       3003        403                                                                                                                                  
        199 Grant                           2600       3003        403                                                                                                                                  
        200 Whalen                          4400       5082        682                                                                                                                                  
        201 Hartstein                      13000      15015       2015                                                                                                                                  
        202 Fay                             6000       6930        930                                                                                                                                  
        203 Mavris                          6500     7507.5       1008                                                                                                                                  
        204 Baer                           10000      11550       1550                                                                                                                                  
        205 Higgins                        12008   13869.24       1861                                                                                                                                  
        206 Gietz                           8300     9586.5       1287                                                                                                                                  
        100 King                           26460    30561.3       4101                                                                                                                                  
        101 Kochhar                        17000      19635       2635                                                                                                                                  
        102 De Haan                        17000      19635       2635                                                                                                                                  
        103 Hunold                          9000      10395       1395                                                                                                                                  
        104 Ernst                           6000       6930        930                                                                                                                                  
        105 Austin                          4800       5544        744                                                                                                                                  
        106 Pataballa                       4800       5544        744                                                                                                                                  
        107 Lorentz                         4200       4851        651                                                                                                                                  
        108 Greenberg                      12008   13869.24       1861                                                                                                                                  
        109 Faviet                          9000      10395       1395                                                                                                                                  
        110 Chen                            8200       9471       1271                                                                                                                                  
        111 Sciarra                         7700     8893.5       1194                                                                                                                                  
        112 Urman                           7800       9009       1209                                                                                                                                  
        113 Popp                            6900     7969.5       1070                                                                                                                                  
        114 Raphaely                       11000      12705       1705                                                                                                                                  
        115 Khoo                            3100     3580.5        481                                                                                                                                  
        116 Baida                           2900     3349.5        450                                                                                                                                  
        117 Tobias                          2800       3234        434                                                                                                                                  
        118 Himuro                          2600       3003        403                                                                                                                                  
        119 Colmenares                      2500     2887.5        388                                                                                                                                  
        120 Weiss                           8000       9240       1240                                                                                                                                  
        121 Fripp                           8200       9471       1271                                                                                                                                  
        122 Kaufling                        7900     9124.5       1225                                                                                                                                  
        123 Vollman                         6500     7507.5       1008                                                                                                                                  
        124 Mourgos                         5800       6699        899                                                                                                                                  
        125 Nayer                           3200       3696        496                                                                                                                                  
        126 Mikkilineni                     2700     3118.5        419                                                                                                                                  
        127 Landry                          2400       2772        372                                                                                                                                  
        128 Markle                          2200       2541        341                                                                                                                                  
        129 Bissot                          3300     3811.5        512                                                                                                                                  
        130 Atkinson                        2800       3234        434                                                                                                                                  
        131 Marlow                          2500     2887.5        388                                                                                                                                  
        132 Olson                           2100     2425.5        326                                                                                                                                  
        133 Mallin                          3300     3811.5        512                                                                                                                                  
        134 Rogers                          2900     3349.5        450                                                                                                                                  
        135 Gee                             2400       2772        372                                                                                                                                  
        136 Philtanker                      2200       2541        341                                                                                                                                  
        137 Ladwig                          3600       4158        558                                                                                                                                  
        138 Stiles                          3200       3696        496                                                                                                                                  
        139 Seo                             2700     3118.5        419                                                                                                                                  
        140 Patel                           2500     2887.5        388                                                                                                                                  
        141 Rajs                            3500     4042.5        543                                                                                                                                  
        142 Davies                          3100     3580.5        481                                                                                                                                  
        143 Matos                           2600       3003        403                                                                                                                                  
        144 Vargas                          2500     2887.5        388                                                                                                                                  
        145 Russell                        14000      16170       2170                                                                                                                                  
        146 Partners                       13500    15592.5       2093                                                                                                                                  
        147 Errazuriz                      12000      13860       1860                                                                                                                                  
        148 Cambrault                      11000      12705       1705                                                                                                                                  
        149 Zlotkey                        10500    12127.5       1628                                                                                                                                  
        150 Tucker                         10000      11550       1550                                                                                                                                  
        151 Bernstein                       9500    10972.5       1473                                                                                                                                  
        152 Hall                            9000      10395       1395                                                                                                                                  
        153 Olsen                           8000       9240       1240                                                                                                                                  
        154 Cambrault                       7500     8662.5       1163                                                                                                                                  
        155 Tuvault                         7000       8085       1085                                                                                                                                  
        156 King                           10000      11550       1550                                                                                                                                  
        157 Sully                           9500    10972.5       1473                                                                                                                                  
        158 McEwen                          9000      10395       1395                                                                                                                                  
        159 Smith                           8000       9240       1240                                                                                                                                  
        160 Doran                           7500     8662.5       1163                                                                                                                                  
        161 Sewall                          7000       8085       1085                                                                                                                                  
        162 Vishney                        10500    12127.5       1628                                                                                                                                  
        163 Greene                          9500    10972.5       1473                                                                                                                                  
        164 Marvins                         7200       8316       1116                                                                                                                                  
        165 Lee                             6800       7854       1054                                                                                                                                  
        166 Ande                            6400       7392        992                                                                                                                                  
        167 Banda                           6200       7161        961                                                                                                                                  
        168 Ozer                           11500    13282.5       1783                                                                                                                                  
        169 Bloom                          10000      11550       1550                                                                                                                                  
        170 Fox                             9600      11088       1488                                                                                                                                  
        171 Smith                           7400       8547       1147                                                                                                                                  
        172 Bates                           7300     8431.5       1132                                                                                                                                  
        173 Kumar                           6100     7045.5        946                                                                                                                                  
        174 Abel                           11000      12705       1705                                                                                                                                  
        175 Hutton                          8800      10164       1364                                                                                                                                  
        176 Taylor                          8600       9933       1333                                                                                                                                  
        177 Livingston                      8400       9702       1302                                                                                                                                  
        178 Grant                           7000       8085       1085                                                                                                                                  
        179 Johnson                         6200       7161        961                                                                                                                                  
        180 Taylor                          3200       3696        496                                                                                                                                  
        181 Fleaur                          3100     3580.5        481                                                                                                                                  
        182 Sullivan                        2500     2887.5        388                                                                                                                                  
        183 Geoni                           2800       3234        434                                                                                                                                  
        184 Sarchand                        4200       4851        651                                                                                                                                  
        185 Bull                            4100     4735.5        636                                                                                                                                  
        186 Dellinger                       3400       3927        527                                                                                                                                  
        187 Cabrio                          3000       3465        465                                                                                                                                  

EMPLOYEE_ID LAST_NAME                     SALARY new salary   increase                                                                                                                                  
----------- ------------------------- ---------- ---------- ----------                                                                                                                                  
        188 Chung                           3800       4389        589                                                                                                                                  
        189 Dilly                           3600       4158        558                                                                                                                                  
        190 Gates                           2900     3349.5        450                                                                                                                                  
        191 Perkins                         2500     2887.5        388                                                                                                                                  
        192 Bell                            4000       4620        620                                                                                                                                  
        193 Everett                         3900     4504.5        605                                                                                                                                  
        194 McCain                          3200       3696        496                                                                                                                                  
        195 Jones                           2800       3234        434                                                                                                                                  
        196 Walsh                           3100     3580.5        481                                                                                                                                  
        197 Feeney                          3000       3465        465                                                                                                                                  

107 rows selected.

SQL> select employee_id,last_name,salary,round(1.155*salary,0) as "new salary",round(1.155*salary - salary,0) as "increase" from employees;

EMPLOYEE_ID LAST_NAME                     SALARY new salary   increase                                                                                                                                  
----------- ------------------------- ---------- ---------- ----------                                                                                                                                  
        198 OConnell                        2600       3003        403                                                                                                                                  
        199 Grant                           2600       3003        403                                                                                                                                  
        200 Whalen                          4400       5082        682                                                                                                                                  
        201 Hartstein                      13000      15015       2015                                                                                                                                  
        202 Fay                             6000       6930        930                                                                                                                                  
        203 Mavris                          6500       7508       1008                                                                                                                                  
        204 Baer                           10000      11550       1550                                                                                                                                  
        205 Higgins                        12008      13869       1861                                                                                                                                  
        206 Gietz                           8300       9587       1287                                                                                                                                  
        100 King                           26460      30561       4101                                                                                                                                  
        101 Kochhar                        17000      19635       2635                                                                                                                                  
        102 De Haan                        17000      19635       2635                                                                                                                                  
        103 Hunold                          9000      10395       1395                                                                                                                                  
        104 Ernst                           6000       6930        930                                                                                                                                  
        105 Austin                          4800       5544        744                                                                                                                                  
        106 Pataballa                       4800       5544        744                                                                                                                                  
        107 Lorentz                         4200       4851        651                                                                                                                                  
        108 Greenberg                      12008      13869       1861                                                                                                                                  
        109 Faviet                          9000      10395       1395                                                                                                                                  
        110 Chen                            8200       9471       1271                                                                                                                                  
        111 Sciarra                         7700       8894       1194                                                                                                                                  
        112 Urman                           7800       9009       1209                                                                                                                                  
        113 Popp                            6900       7970       1070                                                                                                                                  
        114 Raphaely                       11000      12705       1705                                                                                                                                  
        115 Khoo                            3100       3581        481                                                                                                                                  
        116 Baida                           2900       3350        450                                                                                                                                  
        117 Tobias                          2800       3234        434                                                                                                                                  
        118 Himuro                          2600       3003        403                                                                                                                                  
        119 Colmenares                      2500       2888        388                                                                                                                                  
        120 Weiss                           8000       9240       1240                                                                                                                                  
        121 Fripp                           8200       9471       1271                                                                                                                                  
        122 Kaufling                        7900       9125       1225                                                                                                                                  
        123 Vollman                         6500       7508       1008                                                                                                                                  
        124 Mourgos                         5800       6699        899                                                                                                                                  
        125 Nayer                           3200       3696        496                                                                                                                                  
        126 Mikkilineni                     2700       3119        419                                                                                                                                  
        127 Landry                          2400       2772        372                                                                                                                                  
        128 Markle                          2200       2541        341                                                                                                                                  
        129 Bissot                          3300       3812        512                                                                                                                                  
        130 Atkinson                        2800       3234        434                                                                                                                                  
        131 Marlow                          2500       2888        388                                                                                                                                  
        132 Olson                           2100       2426        326                                                                                                                                  
        133 Mallin                          3300       3812        512                                                                                                                                  
        134 Rogers                          2900       3350        450                                                                                                                                  
        135 Gee                             2400       2772        372                                                                                                                                  
        136 Philtanker                      2200       2541        341                                                                                                                                  
        137 Ladwig                          3600       4158        558                                                                                                                                  
        138 Stiles                          3200       3696        496                                                                                                                                  
        139 Seo                             2700       3119        419                                                                                                                                  
        140 Patel                           2500       2888        388                                                                                                                                  
        141 Rajs                            3500       4043        543                                                                                                                                  
        142 Davies                          3100       3581        481                                                                                                                                  
        143 Matos                           2600       3003        403                                                                                                                                  
        144 Vargas                          2500       2888        388                                                                                                                                  
        145 Russell                        14000      16170       2170                                                                                                                                  
        146 Partners                       13500      15593       2093                                                                                                                                  
        147 Errazuriz                      12000      13860       1860                                                                                                                                  
        148 Cambrault                      11000      12705       1705                                                                                                                                  
        149 Zlotkey                        10500      12128       1628                                                                                                                                  
        150 Tucker                         10000      11550       1550                                                                                                                                  
        151 Bernstein                       9500      10973       1473                                                                                                                                  
        152 Hall                            9000      10395       1395                                                                                                                                  
        153 Olsen                           8000       9240       1240                                                                                                                                  
        154 Cambrault                       7500       8663       1163                                                                                                                                  
        155 Tuvault                         7000       8085       1085                                                                                                                                  
        156 King                           10000      11550       1550                                                                                                                                  
        157 Sully                           9500      10973       1473                                                                                                                                  
        158 McEwen                          9000      10395       1395                                                                                                                                  
        159 Smith                           8000       9240       1240                                                                                                                                  
        160 Doran                           7500       8663       1163                                                                                                                                  
        161 Sewall                          7000       8085       1085                                                                                                                                  
        162 Vishney                        10500      12128       1628                                                                                                                                  
        163 Greene                          9500      10973       1473                                                                                                                                  
        164 Marvins                         7200       8316       1116                                                                                                                                  
        165 Lee                             6800       7854       1054                                                                                                                                  
        166 Ande                            6400       7392        992                                                                                                                                  
        167 Banda                           6200       7161        961                                                                                                                                  
        168 Ozer                           11500      13283       1783                                                                                                                                  
        169 Bloom                          10000      11550       1550                                                                                                                                  
        170 Fox                             9600      11088       1488                                                                                                                                  
        171 Smith                           7400       8547       1147                                                                                                                                  
        172 Bates                           7300       8432       1132                                                                                                                                  
        173 Kumar                           6100       7046        946                                                                                                                                  
        174 Abel                           11000      12705       1705                                                                                                                                  
        175 Hutton                          8800      10164       1364                                                                                                                                  
        176 Taylor                          8600       9933       1333                                                                                                                                  
        177 Livingston                      8400       9702       1302                                                                                                                                  
        178 Grant                           7000       8085       1085                                                                                                                                  
        179 Johnson                         6200       7161        961                                                                                                                                  
        180 Taylor                          3200       3696        496                                                                                                                                  
        181 Fleaur                          3100       3581        481                                                                                                                                  
        182 Sullivan                        2500       2888        388                                                                                                                                  
        183 Geoni                           2800       3234        434                                                                                                                                  
        184 Sarchand                        4200       4851        651                                                                                                                                  
        185 Bull                            4100       4736        636                                                                                                                                  
        186 Dellinger                       3400       3927        527                                                                                                                                  
        187 Cabrio                          3000       3465        465                                                                                                                                  

EMPLOYEE_ID LAST_NAME                     SALARY new salary   increase                                                                                                                                  
----------- ------------------------- ---------- ---------- ----------                                                                                                                                  
        188 Chung                           3800       4389        589                                                                                                                                  
        189 Dilly                           3600       4158        558                                                                                                                                  
        190 Gates                           2900       3350        450                                                                                                                                  
        191 Perkins                         2500       2888        388                                                                                                                                  
        192 Bell                            4000       4620        620                                                                                                                                  
        193 Everett                         3900       4505        605                                                                                                                                  
        194 McCain                          3200       3696        496                                                                                                                                  
        195 Jones                           2800       3234        434                                                                                                                                  
        196 Walsh                           3100       3581        481                                                                                                                                  
        197 Feeney                          3000       3465        465                                                                                                                                  

107 rows selected.

SQL> select initcap(last_name) from employees where last_name like 'J%' or last_name like'A%' or last_name like 'M%' order by last_name;

INITCAP(LAST_NAME)                                                                                                                                                                                      
-------------------------                                                                                                                                                                               
Abel                                                                                                                                                                                                    
Ande                                                                                                                                                                                                    
Atkinson                                                                                                                                                                                                
Austin                                                                                                                                                                                                  
Johnson                                                                                                                                                                                                 
Jones                                                                                                                                                                                                   
Mallin                                                                                                                                                                                                  
Markle                                                                                                                                                                                                  
Marlow                                                                                                                                                                                                  
Marvins                                                                                                                                                                                                 
Matos                                                                                                                                                                                                   
Mavris                                                                                                                                                                                                  
Mccain                                                                                                                                                                                                  
Mcewen                                                                                                                                                                                                  
Mikkilineni                                                                                                                                                                                             
Mourgos                                                                                                                                                                                                 

16 rows selected.

SQL> select initcap(last_name),length(last_name) as "length" from employees where last_name like 'J%' or last_name like'A%' or last_name like 'M%' order by last_name;

INITCAP(LAST_NAME)            length                                                                                                                                                                    
------------------------- ----------                                                                                                                                                                    
Abel                               4                                                                                                                                                                    
Ande                               4                                                                                                                                                                    
Atkinson                           8                                                                                                                                                                    
Austin                             6                                                                                                                                                                    
Johnson                            7                                                                                                                                                                    
Jones                              5                                                                                                                                                                    
Mallin                             6                                                                                                                                                                    
Markle                             6                                                                                                                                                                    
Marlow                             6                                                                                                                                                                    
Marvins                            7                                                                                                                                                                    
Matos                              5                                                                                                                                                                    
Mavris                             6                                                                                                                                                                    
Mccain                             6                                                                                                                                                                    
Mcewen                             6                                                                                                                                                                    
Mikkilineni                       11                                                                                                                                                                    
Mourgos                            7                                                                                                                                                                    

16 rows selected.

SQL> select initcap(last_name) "name" length(last_name) "length" from employees where last_name like '&start_letter%' order by last_name;
Enter value for start_letter: f
old   1: select initcap(last_name) "name" length(last_name) "length" from employees where last_name like '&start_letter%' order by last_name
new   1: select initcap(last_name) "name" length(last_name) "length" from employees where last_name like 'f%' order by last_name
select initcap(last_name) "name" length(last_name) "length" from employees where last_name like 'f%' order by last_name
                                 *
ERROR at line 1:
ORA-00923: FROM keyword not found where expected 


SQL> /
Enter value for start_letter: F
old   1: select initcap(last_name) "name" length(last_name) "length" from employees where last_name like '&start_letter%' order by last_name
new   1: select initcap(last_name) "name" length(last_name) "length" from employees where last_name like 'F%' order by last_name
select initcap(last_name) "name" length(last_name) "length" from employees where last_name like 'F%' order by last_name
                                 *
ERROR at line 1:
ORA-00923: FROM keyword not found where expected 


SQL> /
Enter value for start_letter: W
old   1: select initcap(last_name) "name" length(last_name) "length" from employees where last_name like '&start_letter%' order by last_name
new   1: select initcap(last_name) "name" length(last_name) "length" from employees where last_name like 'W%' order by last_name
select initcap(last_name) "name" length(last_name) "length" from employees where last_name like 'W%' order by last_name
                                 *
ERROR at line 1:
ORA-00923: FROM keyword not found where expected 


SQL> select initcap(last_name) "name", length(last_name) "length" from employees where last_name like '&start_letter%' order by last_name;
Enter value for start_letter: W
old   1: select initcap(last_name) "name", length(last_name) "length" from employees where last_name like '&start_letter%' order by last_name
new   1: select initcap(last_name) "name", length(last_name) "length" from employees where last_name like 'W%' order by last_name

name                          length                                                                                                                                                                    
------------------------- ----------                                                                                                                                                                    
Walsh                              5                                                                                                                                                                    
Weiss                              5                                                                                                                                                                    
Whalen                             6                                                                                                                                                                    

SQL> /
Enter value for start_letter: w
old   1: select initcap(last_name) "name", length(last_name) "length" from employees where last_name like '&start_letter%' order by last_name
new   1: select initcap(last_name) "name", length(last_name) "length" from employees where last_name like 'w%' order by last_name

no rows selected

SQL> /
Enter value for start_letter: F
old   1: select initcap(last_name) "name", length(last_name) "length" from employees where last_name like '&start_letter%' order by last_name
new   1: select initcap(last_name) "name", length(last_name) "length" from employees where last_name like 'F%' order by last_name

name                          length                                                                                                                                                                    
------------------------- ----------                                                                                                                                                                    
Faviet                             6                                                                                                                                                                    
Fay                                3                                                                                                                                                                    
Feeney                             6                                                                                                                                                                    
Fleaur                             6                                                                                                                                                                    
Fox                                3                                                                                                                                                                    
Fripp                              5                                                                                                                                                                    

6 rows selected.

SQL> select initcap(last_name) "name", length(last_name) "length" from employees where lower(last_name) like '&start_letter%' order by last_name;
Enter value for start_letter: f
old   1: select initcap(last_name) "name", length(last_name) "length" from employees where lower(last_name) like '&start_letter%' order by last_name
new   1: select initcap(last_name) "name", length(last_name) "length" from employees where lower(last_name) like 'f%' order by last_name

name                          length                                                                                                                                                                    
------------------------- ----------                                                                                                                                                                    
Faviet                             6                                                                                                                                                                    
Fay                                3                                                                                                                                                                    
Feeney                             6                                                                                                                                                                    
Fleaur                             6                                                                                                                                                                    
Fox                                3                                                                                                                                                                    
Fripp                              5                                                                                                                                                                    

6 rows selected.

SQL> /
Enter value for start_letter: F
old   1: select initcap(last_name) "name", length(last_name) "length" from employees where lower(last_name) like '&start_letter%' order by last_name
new   1: select initcap(last_name) "name", length(last_name) "length" from employees where lower(last_name) like 'F%' order by last_name

no rows selected

SQL> select initcap(last_name) "name", length(last_name) "length" from employees where last_name like upper('&start_letter%') order by last_name;
Enter value for start_letter: f
old   1: select initcap(last_name) "name", length(last_name) "length" from employees where last_name like upper('&start_letter%') order by last_name
new   1: select initcap(last_name) "name", length(last_name) "length" from employees where last_name like upper('f%') order by last_name

name                          length                                                                                                                                                                    
------------------------- ----------                                                                                                                                                                    
Faviet                             6                                                                                                                                                                    
Fay                                3                                                                                                                                                                    
Feeney                             6                                                                                                                                                                    
Fleaur                             6                                                                                                                                                                    
Fox                                3                                                                                                                                                                    
Fripp                              5                                                                                                                                                                    

6 rows selected.

SQL> /F
SP2-0042: unknown command "/F" - rest of line ignored.
SQL> /
Enter value for start_letter: F
old   1: select initcap(last_name) "name", length(last_name) "length" from employees where last_name like upper('&start_letter%') order by last_name
new   1: select initcap(last_name) "name", length(last_name) "length" from employees where last_name like upper('F%') order by last_name

name                          length                                                                                                                                                                    
------------------------- ----------                                                                                                                                                                    
Faviet                             6                                                                                                                                                                    
Fay                                3                                                                                                                                                                    
Feeney                             6                                                                                                                                                                    
Fleaur                             6                                                                                                                                                                    
Fox                                3                                                                                                                                                                    
Fripp                              5                                                                                                                                                                    

6 rows selected.

SQL> select last_name ,round(months_between(hire_date, sysdate)) as "Months_worked" from employees order by Months_worked ;
select last_name ,round(months_between(hire_date, sysdate)) as "Months_worked" from employees order by Months_worked 
                                                                                                       *
ERROR at line 1:
ORA-00904: "MONTHS_WORKED": invalid identifier 


SQL> select last_name ,round(months_between(hire_date, sysdate)) as "Months_worked" from employees order by 2 ;

LAST_NAME                 Months_worked                                                                                                                                                                 
------------------------- -------------                                                                                                                                                                 
De Haan                            -224                                                                                                                                                                 
Baer                               -207                                                                                                                                                                 
Higgins                            -207                                                                                                                                                                 
Mavris                             -207                                                                                                                                                                 
Gietz                              -207                                                                                                                                                                 
Greenberg                          -204                                                                                                                                                                 
Faviet                             -204                                                                                                                                                                 
Raphaely                           -201                                                                                                                                                                 
Kaufling                           -196                                                                                                                                                                 
Khoo                               -195                                                                                                                                                                 
Ladwig                             -194                                                                                                                                                                 
King                               -194                                                                                                                                                                 
Whalen                             -191                                                                                                                                                                 
Rajs                               -190                                                                                                                                                                 
Sarchand                           -187                                                                                                                                                                 
King                               -187                                                                                                                                                                 
Bell                               -187                                                                                                                                                                 
Sully                              -186                                                                                                                                                                 
Hartstein                          -186                                                                                                                                                                 
Abel                               -184                                                                                                                                                                 
Mallin                             -183                                                                                                                                                                 
McEwen                             -181                                                                                                                                                                 
Weiss                              -181                                                                                                                                                                 
Russell                            -179                                                                                                                                                                 
Partners                           -176                                                                                                                                                                 
Tucker                             -175                                                                                                                                                                 
Davies                             -175                                                                                                                                                                 
Everett                            -174                                                                                                                                                                 
Ozer                               -174                                                                                                                                                                 
Smith                              -174                                                                                                                                                                 
Bull                               -174                                                                                                                                                                 
Errazuriz                          -174                                                                                                                                                                 
Marlow                             -174                                                                                                                                                                 
Hutton                             -173                                                                                                                                                                 
Bernstein                          -173                                                                                                                                                                 
Fripp                              -173                                                                                                                                                                 
Chung                              -171                                                                                                                                                                 
Austin                             -170                                                                                                                                                                 
Dilly                              -169                                                                                                                                                                 
Nayer                              -169                                                                                                                                                                 
Tobias                             -169                                                                                                                                                                 
Hall                               -168                                                                                                                                                                 
Fay                                -168                                                                                                                                                                 
Bissot                             -168                                                                                                                                                                 
Chen                               -167                                                                                                                                                                 
Kochhar                            -167                                                                                                                                                                 
Vollman                            -167                                                                                                                                                                 
Sciarra                            -167                                                                                                                                                                 
Vishney                            -166                                                                                                                                                                 
Stiles                             -166                                                                                                                                                                 
Atkinson                           -166                                                                                                                                                                 
Baida                              -164                                                                                                                                                                 
Hunold                             -164                                                                                                                                                                 
Doran                              -164                                                                                                                                                                 
Fox                                -163                                                                                                                                                                 
Pataballa                          -163                                                                                                                                                                 
Seo                                -163                                                                                                                                                                 
Taylor                             -163                                                                                                                                                                 
Urman                              -162                                                                                                                                                                 
Fleaur                             -162                                                                                                                                                                 
Taylor                             -161                                                                                                                                                                 
Bloom                              -161                                                                                                                                                                 
Olsen                              -161                                                                                                                                                                 
Patel                              -161                                                                                                                                                                 
Matos                              -161                                                                                                                                                                 
Walsh                              -160                                                                                                                                                                 
Livingston                         -160                                                                                                                                                                 
Feeney                             -159                                                                                                                                                                 
Vargas                             -158                                                                                                                                                                 
Dellinger                          -158                                                                                                                                                                 
Gates                              -158                                                                                                                                                                 
McCain                             -158                                                                                                                                                                 
Rogers                             -156                                                                                                                                                                 
Mikkilineni                        -155                                                                                                                                                                 
Sewall                             -154                                                                                                                                                                 
Cambrault                          -153                                                                                                                                                                 
Himuro                             -153                                                                                                                                                                 
Landry                             -152                                                                                                                                                                 
Lorentz                            -151                                                                                                                                                                 
Cabrio                             -151                                                                                                                                                                 
Smith                              -150                                                                                                                                                                 
Jones                              -149                                                                                                                                                                 
Bates                              -149                                                                                                                                                                 
Greene                             -149                                                                                                                                                                 
Olson                              -149                                                                                                                                                                 
Ernst                              -147                                                                                                                                                                 
Grant                              -147                                                                                                                                                                 
OConnell                           -146                                                                                                                                                                 
Sullivan                           -146                                                                                                                                                                 
Colmenares                         -145                                                                                                                                                                 
Cambrault                          -142                                                                                                                                                                 
Mourgos                            -141                                                                                                                                                                 
Tuvault                            -141                                                                                                                                                                 
Popp                               -141                                                                                                                                                                 
Gee                                -141                                                                                                                                                                 
Grant                              -140                                                                                                                                                                 
Perkins                            -140                                                                                                                                                                 

LAST_NAME                 Months_worked                                                                                                                                                                 
------------------------- -------------                                                                                                                                                                 
Johnson                            -140                                                                                                                                                                 
Marvins                            -139                                                                                                                                                                 
Philtanker                         -139                                                                                                                                                                 
Geoni                              -139                                                                                                                                                                 
Zlotkey                            -139                                                                                                                                                                 
Markle                             -138                                                                                                                                                                 
Lee                                -138                                                                                                                                                                 
Ande                               -137                                                                                                                                                                 
Banda                              -136                                                                                                                                                                 
Kumar                              -136                                                                                                                                                                 

107 rows selected.

SQL> select last_name ,round(months_between(sysdate, hire_date)) as "Months_worked" from employees order by 2 ;

LAST_NAME                 Months_worked                                                                                                                                                                 
------------------------- -------------                                                                                                                                                                 
Kumar                               136                                                                                                                                                                 
Banda                               136                                                                                                                                                                 
Ande                                137                                                                                                                                                                 
Lee                                 138                                                                                                                                                                 
Markle                              138                                                                                                                                                                 
Marvins                             139                                                                                                                                                                 
Zlotkey                             139                                                                                                                                                                 
Philtanker                          139                                                                                                                                                                 
Geoni                               139                                                                                                                                                                 
Grant                               140                                                                                                                                                                 
Perkins                             140                                                                                                                                                                 
Johnson                             140                                                                                                                                                                 
Tuvault                             141                                                                                                                                                                 
Gee                                 141                                                                                                                                                                 
Mourgos                             141                                                                                                                                                                 
Popp                                141                                                                                                                                                                 
Cambrault                           142                                                                                                                                                                 
Colmenares                          145                                                                                                                                                                 
OConnell                            146                                                                                                                                                                 
Sullivan                            146                                                                                                                                                                 
Grant                               147                                                                                                                                                                 
Ernst                               147                                                                                                                                                                 
Greene                              149                                                                                                                                                                 
Olson                               149                                                                                                                                                                 
Jones                               149                                                                                                                                                                 
Bates                               149                                                                                                                                                                 
Smith                               150                                                                                                                                                                 
Lorentz                             151                                                                                                                                                                 
Cabrio                              151                                                                                                                                                                 
Landry                              152                                                                                                                                                                 
Cambrault                           153                                                                                                                                                                 
Himuro                              153                                                                                                                                                                 
Sewall                              154                                                                                                                                                                 
Mikkilineni                         155                                                                                                                                                                 
Rogers                              156                                                                                                                                                                 
Vargas                              158                                                                                                                                                                 
Dellinger                           158                                                                                                                                                                 
Gates                               158                                                                                                                                                                 
McCain                              158                                                                                                                                                                 
Feeney                              159                                                                                                                                                                 
Walsh                               160                                                                                                                                                                 
Livingston                          160                                                                                                                                                                 
Matos                               161                                                                                                                                                                 
Taylor                              161                                                                                                                                                                 
Bloom                               161                                                                                                                                                                 
Olsen                               161                                                                                                                                                                 
Patel                               161                                                                                                                                                                 
Fleaur                              162                                                                                                                                                                 
Urman                               162                                                                                                                                                                 
Taylor                              163                                                                                                                                                                 
Fox                                 163                                                                                                                                                                 
Seo                                 163                                                                                                                                                                 
Pataballa                           163                                                                                                                                                                 
Hunold                              164                                                                                                                                                                 
Baida                               164                                                                                                                                                                 
Doran                               164                                                                                                                                                                 
Stiles                              166                                                                                                                                                                 
Atkinson                            166                                                                                                                                                                 
Vishney                             166                                                                                                                                                                 
Vollman                             167                                                                                                                                                                 
Chen                                167                                                                                                                                                                 
Sciarra                             167                                                                                                                                                                 
Kochhar                             167                                                                                                                                                                 
Fay                                 168                                                                                                                                                                 
Bissot                              168                                                                                                                                                                 
Hall                                168                                                                                                                                                                 
Dilly                               169                                                                                                                                                                 
Nayer                               169                                                                                                                                                                 
Tobias                              169                                                                                                                                                                 
Austin                              170                                                                                                                                                                 
Chung                               171                                                                                                                                                                 
Hutton                              173                                                                                                                                                                 
Bernstein                           173                                                                                                                                                                 
Fripp                               173                                                                                                                                                                 
Ozer                                174                                                                                                                                                                 
Marlow                              174                                                                                                                                                                 
Errazuriz                           174                                                                                                                                                                 
Bull                                174                                                                                                                                                                 
Everett                             174                                                                                                                                                                 
Smith                               174                                                                                                                                                                 
Tucker                              175                                                                                                                                                                 
Davies                              175                                                                                                                                                                 
Partners                            176                                                                                                                                                                 
Russell                             179                                                                                                                                                                 
McEwen                              181                                                                                                                                                                 
Weiss                               181                                                                                                                                                                 
Mallin                              183                                                                                                                                                                 
Abel                                184                                                                                                                                                                 
Sully                               186                                                                                                                                                                 
Hartstein                           186                                                                                                                                                                 
Bell                                187                                                                                                                                                                 
Sarchand                            187                                                                                                                                                                 
King                                187                                                                                                                                                                 
Rajs                                190                                                                                                                                                                 
Whalen                              191                                                                                                                                                                 
King                                194                                                                                                                                                                 
Ladwig                              194                                                                                                                                                                 

LAST_NAME                 Months_worked                                                                                                                                                                 
------------------------- -------------                                                                                                                                                                 
Khoo                                195                                                                                                                                                                 
Kaufling                            196                                                                                                                                                                 
Raphaely                            201                                                                                                                                                                 
Greenberg                           204                                                                                                                                                                 
Faviet                              204                                                                                                                                                                 
Higgins                             207                                                                                                                                                                 
Baer                                207                                                                                                                                                                 
Mavris                              207                                                                                                                                                                 
Gietz                               207                                                                                                                                                                 
De Haan                             224                                                                                                                                                                 

107 rows selected.

SQL> SELECT last_name ,lpad(salary,15,'$') as "salary" from employees;

LAST_NAME                 salary                                                                                                                                                                        
------------------------- ------------------------------------------------------------                                                                                                                  
OConnell                  $$$$$$$$$$$2600                                                                                                                                                               
Grant                     $$$$$$$$$$$2600                                                                                                                                                               
Whalen                    $$$$$$$$$$$4400                                                                                                                                                               
Hartstein                 $$$$$$$$$$13000                                                                                                                                                               
Fay                       $$$$$$$$$$$6000                                                                                                                                                               
Mavris                    $$$$$$$$$$$6500                                                                                                                                                               
Baer                      $$$$$$$$$$10000                                                                                                                                                               
Higgins                   $$$$$$$$$$12008                                                                                                                                                               
Gietz                     $$$$$$$$$$$8300                                                                                                                                                               
King                      $$$$$$$$$$26460                                                                                                                                                               
Kochhar                   $$$$$$$$$$17000                                                                                                                                                               
De Haan                   $$$$$$$$$$17000                                                                                                                                                               
Hunold                    $$$$$$$$$$$9000                                                                                                                                                               
Ernst                     $$$$$$$$$$$6000                                                                                                                                                               
Austin                    $$$$$$$$$$$4800                                                                                                                                                               
Pataballa                 $$$$$$$$$$$4800                                                                                                                                                               
Lorentz                   $$$$$$$$$$$4200                                                                                                                                                               
Greenberg                 $$$$$$$$$$12008                                                                                                                                                               
Faviet                    $$$$$$$$$$$9000                                                                                                                                                               
Chen                      $$$$$$$$$$$8200                                                                                                                                                               
Sciarra                   $$$$$$$$$$$7700                                                                                                                                                               
Urman                     $$$$$$$$$$$7800                                                                                                                                                               
Popp                      $$$$$$$$$$$6900                                                                                                                                                               
Raphaely                  $$$$$$$$$$11000                                                                                                                                                               
Khoo                      $$$$$$$$$$$3100                                                                                                                                                               
Baida                     $$$$$$$$$$$2900                                                                                                                                                               
Tobias                    $$$$$$$$$$$2800                                                                                                                                                               
Himuro                    $$$$$$$$$$$2600                                                                                                                                                               
Colmenares                $$$$$$$$$$$2500                                                                                                                                                               
Weiss                     $$$$$$$$$$$8000                                                                                                                                                               
Fripp                     $$$$$$$$$$$8200                                                                                                                                                               
Kaufling                  $$$$$$$$$$$7900                                                                                                                                                               
Vollman                   $$$$$$$$$$$6500                                                                                                                                                               
Mourgos                   $$$$$$$$$$$5800                                                                                                                                                               
Nayer                     $$$$$$$$$$$3200                                                                                                                                                               
Mikkilineni               $$$$$$$$$$$2700                                                                                                                                                               
Landry                    $$$$$$$$$$$2400                                                                                                                                                               
Markle                    $$$$$$$$$$$2200                                                                                                                                                               
Bissot                    $$$$$$$$$$$3300                                                                                                                                                               
Atkinson                  $$$$$$$$$$$2800                                                                                                                                                               
Marlow                    $$$$$$$$$$$2500                                                                                                                                                               
Olson                     $$$$$$$$$$$2100                                                                                                                                                               
Mallin                    $$$$$$$$$$$3300                                                                                                                                                               
Rogers                    $$$$$$$$$$$2900                                                                                                                                                               
Gee                       $$$$$$$$$$$2400                                                                                                                                                               
Philtanker                $$$$$$$$$$$2200                                                                                                                                                               
Ladwig                    $$$$$$$$$$$3600                                                                                                                                                               
Stiles                    $$$$$$$$$$$3200                                                                                                                                                               
Seo                       $$$$$$$$$$$2700                                                                                                                                                               
Patel                     $$$$$$$$$$$2500                                                                                                                                                               
Rajs                      $$$$$$$$$$$3500                                                                                                                                                               
Davies                    $$$$$$$$$$$3100                                                                                                                                                               
Matos                     $$$$$$$$$$$2600                                                                                                                                                               
Vargas                    $$$$$$$$$$$2500                                                                                                                                                               
Russell                   $$$$$$$$$$14000                                                                                                                                                               
Partners                  $$$$$$$$$$13500                                                                                                                                                               
Errazuriz                 $$$$$$$$$$12000                                                                                                                                                               
Cambrault                 $$$$$$$$$$11000                                                                                                                                                               
Zlotkey                   $$$$$$$$$$10500                                                                                                                                                               
Tucker                    $$$$$$$$$$10000                                                                                                                                                               
Bernstein                 $$$$$$$$$$$9500                                                                                                                                                               
Hall                      $$$$$$$$$$$9000                                                                                                                                                               
Olsen                     $$$$$$$$$$$8000                                                                                                                                                               
Cambrault                 $$$$$$$$$$$7500                                                                                                                                                               
Tuvault                   $$$$$$$$$$$7000                                                                                                                                                               
King                      $$$$$$$$$$10000                                                                                                                                                               
Sully                     $$$$$$$$$$$9500                                                                                                                                                               
McEwen                    $$$$$$$$$$$9000                                                                                                                                                               
Smith                     $$$$$$$$$$$8000                                                                                                                                                               
Doran                     $$$$$$$$$$$7500                                                                                                                                                               
Sewall                    $$$$$$$$$$$7000                                                                                                                                                               
Vishney                   $$$$$$$$$$10500                                                                                                                                                               
Greene                    $$$$$$$$$$$9500                                                                                                                                                               
Marvins                   $$$$$$$$$$$7200                                                                                                                                                               
Lee                       $$$$$$$$$$$6800                                                                                                                                                               
Ande                      $$$$$$$$$$$6400                                                                                                                                                               
Banda                     $$$$$$$$$$$6200                                                                                                                                                               
Ozer                      $$$$$$$$$$11500                                                                                                                                                               
Bloom                     $$$$$$$$$$10000                                                                                                                                                               
Fox                       $$$$$$$$$$$9600                                                                                                                                                               
Smith                     $$$$$$$$$$$7400                                                                                                                                                               
Bates                     $$$$$$$$$$$7300                                                                                                                                                               
Kumar                     $$$$$$$$$$$6100                                                                                                                                                               
Abel                      $$$$$$$$$$11000                                                                                                                                                               
Hutton                    $$$$$$$$$$$8800                                                                                                                                                               
Taylor                    $$$$$$$$$$$8600                                                                                                                                                               
Livingston                $$$$$$$$$$$8400                                                                                                                                                               
Grant                     $$$$$$$$$$$7000                                                                                                                                                               
Johnson                   $$$$$$$$$$$6200                                                                                                                                                               
Taylor                    $$$$$$$$$$$3200                                                                                                                                                               
Fleaur                    $$$$$$$$$$$3100                                                                                                                                                               
Sullivan                  $$$$$$$$$$$2500                                                                                                                                                               
Geoni                     $$$$$$$$$$$2800                                                                                                                                                               
Sarchand                  $$$$$$$$$$$4200                                                                                                                                                               
Bull                      $$$$$$$$$$$4100                                                                                                                                                               
Dellinger                 $$$$$$$$$$$3400                                                                                                                                                               
Cabrio                    $$$$$$$$$$$3000                                                                                                                                                               

LAST_NAME                 salary                                                                                                                                                                        
------------------------- ------------------------------------------------------------                                                                                                                  
Chung                     $$$$$$$$$$$3800                                                                                                                                                               
Dilly                     $$$$$$$$$$$3600                                                                                                                                                               
Gates                     $$$$$$$$$$$2900                                                                                                                                                               
Perkins                   $$$$$$$$$$$2500                                                                                                                                                               
Bell                      $$$$$$$$$$$4000                                                                                                                                                               
Everett                   $$$$$$$$$$$3900                                                                                                                                                               
McCain                    $$$$$$$$$$$3200                                                                                                                                                               
Jones                     $$$$$$$$$$$2800                                                                                                                                                               
Walsh                     $$$$$$$$$$$3100                                                                                                                                                               
Feeney                    $$$$$$$$$$$3000                                                                                                                                                               

107 rows selected.

SQL> set lines 200 pages 2000/
SP2-0268: pagesize option not a valid number
SQL> set lines 200 pages 2000
SQL> /

LAST_NAME                 salary                                                                                                                                                                        
------------------------- ------------------------------------------------------------                                                                                                                  
OConnell                  $$$$$$$$$$$2600                                                                                                                                                               
Grant                     $$$$$$$$$$$2600                                                                                                                                                               
Whalen                    $$$$$$$$$$$4400                                                                                                                                                               
Hartstein                 $$$$$$$$$$13000                                                                                                                                                               
Fay                       $$$$$$$$$$$6000                                                                                                                                                               
Mavris                    $$$$$$$$$$$6500                                                                                                                                                               
Baer                      $$$$$$$$$$10000                                                                                                                                                               
Higgins                   $$$$$$$$$$12008                                                                                                                                                               
Gietz                     $$$$$$$$$$$8300                                                                                                                                                               
King                      $$$$$$$$$$26460                                                                                                                                                               
Kochhar                   $$$$$$$$$$17000                                                                                                                                                               
De Haan                   $$$$$$$$$$17000                                                                                                                                                               
Hunold                    $$$$$$$$$$$9000                                                                                                                                                               
Ernst                     $$$$$$$$$$$6000                                                                                                                                                               
Austin                    $$$$$$$$$$$4800                                                                                                                                                               
Pataballa                 $$$$$$$$$$$4800                                                                                                                                                               
Lorentz                   $$$$$$$$$$$4200                                                                                                                                                               
Greenberg                 $$$$$$$$$$12008                                                                                                                                                               
Faviet                    $$$$$$$$$$$9000                                                                                                                                                               
Chen                      $$$$$$$$$$$8200                                                                                                                                                               
Sciarra                   $$$$$$$$$$$7700                                                                                                                                                               
Urman                     $$$$$$$$$$$7800                                                                                                                                                               
Popp                      $$$$$$$$$$$6900                                                                                                                                                               
Raphaely                  $$$$$$$$$$11000                                                                                                                                                               
Khoo                      $$$$$$$$$$$3100                                                                                                                                                               
Baida                     $$$$$$$$$$$2900                                                                                                                                                               
Tobias                    $$$$$$$$$$$2800                                                                                                                                                               
Himuro                    $$$$$$$$$$$2600                                                                                                                                                               
Colmenares                $$$$$$$$$$$2500                                                                                                                                                               
Weiss                     $$$$$$$$$$$8000                                                                                                                                                               
Fripp                     $$$$$$$$$$$8200                                                                                                                                                               
Kaufling                  $$$$$$$$$$$7900                                                                                                                                                               
Vollman                   $$$$$$$$$$$6500                                                                                                                                                               
Mourgos                   $$$$$$$$$$$5800                                                                                                                                                               
Nayer                     $$$$$$$$$$$3200                                                                                                                                                               
Mikkilineni               $$$$$$$$$$$2700                                                                                                                                                               
Landry                    $$$$$$$$$$$2400                                                                                                                                                               
Markle                    $$$$$$$$$$$2200                                                                                                                                                               
Bissot                    $$$$$$$$$$$3300                                                                                                                                                               
Atkinson                  $$$$$$$$$$$2800                                                                                                                                                               
Marlow                    $$$$$$$$$$$2500                                                                                                                                                               
Olson                     $$$$$$$$$$$2100                                                                                                                                                               
Mallin                    $$$$$$$$$$$3300                                                                                                                                                               
Rogers                    $$$$$$$$$$$2900                                                                                                                                                               
Gee                       $$$$$$$$$$$2400                                                                                                                                                               
Philtanker                $$$$$$$$$$$2200                                                                                                                                                               
Ladwig                    $$$$$$$$$$$3600                                                                                                                                                               
Stiles                    $$$$$$$$$$$3200                                                                                                                                                               
Seo                       $$$$$$$$$$$2700                                                                                                                                                               
Patel                     $$$$$$$$$$$2500                                                                                                                                                               
Rajs                      $$$$$$$$$$$3500                                                                                                                                                               
Davies                    $$$$$$$$$$$3100                                                                                                                                                               
Matos                     $$$$$$$$$$$2600                                                                                                                                                               
Vargas                    $$$$$$$$$$$2500                                                                                                                                                               
Russell                   $$$$$$$$$$14000                                                                                                                                                               
Partners                  $$$$$$$$$$13500                                                                                                                                                               
Errazuriz                 $$$$$$$$$$12000                                                                                                                                                               
Cambrault                 $$$$$$$$$$11000                                                                                                                                                               
Zlotkey                   $$$$$$$$$$10500                                                                                                                                                               
Tucker                    $$$$$$$$$$10000                                                                                                                                                               
Bernstein                 $$$$$$$$$$$9500                                                                                                                                                               
Hall                      $$$$$$$$$$$9000                                                                                                                                                               
Olsen                     $$$$$$$$$$$8000                                                                                                                                                               
Cambrault                 $$$$$$$$$$$7500                                                                                                                                                               
Tuvault                   $$$$$$$$$$$7000                                                                                                                                                               
King                      $$$$$$$$$$10000                                                                                                                                                               
Sully                     $$$$$$$$$$$9500                                                                                                                                                               
McEwen                    $$$$$$$$$$$9000                                                                                                                                                               
Smith                     $$$$$$$$$$$8000                                                                                                                                                               
Doran                     $$$$$$$$$$$7500                                                                                                                                                               
Sewall                    $$$$$$$$$$$7000                                                                                                                                                               
Vishney                   $$$$$$$$$$10500                                                                                                                                                               
Greene                    $$$$$$$$$$$9500                                                                                                                                                               
Marvins                   $$$$$$$$$$$7200                                                                                                                                                               
Lee                       $$$$$$$$$$$6800                                                                                                                                                               
Ande                      $$$$$$$$$$$6400                                                                                                                                                               
Banda                     $$$$$$$$$$$6200                                                                                                                                                               
Ozer                      $$$$$$$$$$11500                                                                                                                                                               
Bloom                     $$$$$$$$$$10000                                                                                                                                                               
Fox                       $$$$$$$$$$$9600                                                                                                                                                               
Smith                     $$$$$$$$$$$7400                                                                                                                                                               
Bates                     $$$$$$$$$$$7300                                                                                                                                                               
Kumar                     $$$$$$$$$$$6100                                                                                                                                                               
Abel                      $$$$$$$$$$11000                                                                                                                                                               
Hutton                    $$$$$$$$$$$8800                                                                                                                                                               
Taylor                    $$$$$$$$$$$8600                                                                                                                                                               
Livingston                $$$$$$$$$$$8400                                                                                                                                                               
Grant                     $$$$$$$$$$$7000                                                                                                                                                               
Johnson                   $$$$$$$$$$$6200                                                                                                                                                               
Taylor                    $$$$$$$$$$$3200                                                                                                                                                               
Fleaur                    $$$$$$$$$$$3100                                                                                                                                                               
Sullivan                  $$$$$$$$$$$2500                                                                                                                                                               
Geoni                     $$$$$$$$$$$2800                                                                                                                                                               
Sarchand                  $$$$$$$$$$$4200                                                                                                                                                               
Bull                      $$$$$$$$$$$4100                                                                                                                                                               
Dellinger                 $$$$$$$$$$$3400                                                                                                                                                               
Cabrio                    $$$$$$$$$$$3000                                                                                                                                                               
Chung                     $$$$$$$$$$$3800                                                                                                                                                               
Dilly                     $$$$$$$$$$$3600                                                                                                                                                               
Gates                     $$$$$$$$$$$2900                                                                                                                                                               
Perkins                   $$$$$$$$$$$2500                                                                                                                                                               
Bell                      $$$$$$$$$$$4000                                                                                                                                                               
Everett                   $$$$$$$$$$$3900                                                                                                                                                               
McCain                    $$$$$$$$$$$3200                                                                                                                                                               
Jones                     $$$$$$$$$$$2800                                                                                                                                                               
Walsh                     $$$$$$$$$$$3100                                                                                                                             